// Jest Snapshot v1, https://goo.gl/fbAQLP

exports[`Tests for App to have been rendered 1`] = `"<div><undefined></undefined></div>"`;
